// Jest Snapshot v1, https://goo.gl/fbAQLP

exports[`Todo Form Renders todo form 1`] = `[Function]`;
